dinit: no-command: Service command not specified.
