dinitctl: Could not reload service; service in wrong state, incompatible change, or bad service description.
